Write	{"message":{"content":[{"id":"w1","input":{"content":"line1\nline \"2\"\n","file_path":"/p/a.txt"},"name":"Write","type":"tool_use"}],"role":"assistant","stop_reason":null},"type":"assistant","uuid":"e2e-turn-w1"}	false	false
Edit	{"message":{"content":[{"id":"e1","input":{"file_path":"/p/a.txt","new_string":"new\\text","old_string":"old\ttext"},"name":"Edit","type":"tool_use"}],"role":"assistant","stop_reason":null},"type":"assistant","uuid":"e2e-turn-e1"}	false	false
Bash	{"message":{"content":[{"id":"b1","input":{"command":"echo 'hi' \u0026\u0026 ls \"x\""},"name":"Bash","type":"tool_use"}],"role":"assistant","stop_reason":null},"type":"assistant","uuid":"e2e-turn-b1"}	false	false
WebFetch	{"message":{"content":[{"id":"wf1","input":{"mock_result":{"result":"(the fetched page)"},"prompt":"summarise","url":"https://example.com/a"},"name":"WebFetch","type":"tool_use"}],"role":"assistant","stop_reason":null},"type":"assistant","uuid":"e2e-turn-wf1"}	false	false
Say	{"message":{"content":[{"text":"I will do #refactor now\nok","type":"text"}],"role":"assistant","stop_reason":null},"type":"assistant","uuid":"e2e-turn-s1"}	false	false
ToolUse	{"message":{"content":[{"id":"t1","input":{"email":"a@b.c"},"name":"fill_form","type":"tool_use"}],"role":"assistant","stop_reason":null},"type":"assistant","uuid":"e2e-turn-t1"}	false	false
ToolUseTyped	{"message":{"content":[{"id":"t2","input":{"file_path":"/x","limit":20},"name":"Read","type":"tool_use"}],"role":"assistant","stop_reason":null},"type":"assistant","uuid":"e2e-turn-t2"}	false	false
ToolUseJSON	{"message":{"content":[{"id":"tj1","input":{"nested":{"a":[1,2]},"w":3},"name":"screenshot","type":"tool_use"}],"role":"assistant","stop_reason":null},"type":"assistant","uuid":"e2e-turn-tj1"}	false	false
ToolUseWithResult.use	{"id":"tr1#u","message":{"content":[{"id":"tr1","input":{"url":"http://x"},"name":"screenshot","type":"tool_use"}],"role":"assistant","stop_reason":null},"type":"assistant","uuid":"e2e-turn-tr1u"}	false	false
ToolUseWithResult.result	{"id":"tr1#r","message":{"content":[{"content":"the tool produced its result","tool_use_id":"tr1","type":"tool_result"}],"role":"user"},"toolUseResult":{"image":"abc"},"type":"user","uuid":"e2e-turn-tr1r"}	false	false
CallWithOutput.use	{"id":"co1#u","message":{"content":[{"id":"co1","input":{"command":"ls"},"name":"Bash","type":"tool_use"}],"role":"assistant","stop_reason":null},"type":"assistant","uuid":"e2e-turn-co1u"}	false	false
CallWithOutput.result	{"id":"co1#r","message":{"content":[{"content":"out text\n","tool_use_id":"co1","type":"tool_result"}],"role":"user"},"type":"user","uuid":"e2e-turn-co1"}	false	false
AnswerQuestion	{"id":"aq1#a","message":{"content":[{"content":"The user answered: \"Q1?\"=\"A1\", \"Q2?\"=\"A2\". Read the answers carefully — they may request clarification, changes, or that you not proceed.","tool_use_id":"aq1","type":"tool_result"}],"role":"user"},"type":"user","uuid":"e2e-turn-aq1"}	false	false
AskUserQuestion.use	{"id":"auq1#u","message":{"content":[{"id":"auq1","input":{"questions":[{"header":"Question","multiSelect":false,"options":[{"description":"this one","label":"this one"},{"description":"another answer","label":"other"}],"question":"Which?"}]},"name":"AskUserQuestion","type":"tool_use"}],"role":"assistant","stop_reason":null},"type":"assistant","uuid":"e2e-turn-auq1u"}	false	false
AskUserQuestion.answer	{"id":"auq1#a","message":{"content":[{"content":"The user answered: \"Which?\"=\"this one\". Read the answers carefully — they may request clarification, changes, or that you not proceed.","tool_use_id":"auq1","type":"tool_result"}],"role":"user"},"type":"user","uuid":"e2e-turn-auq1"}	false	false
ToolResult	{"id":"res1#r","message":{"content":[{"content":"all green\n","tool_use_id":"res1","type":"tool_result"}],"role":"user"},"type":"user","uuid":"e2e-turn-res1"}	false	false
ToolResultWithText	{"id":"rwt1#r","message":{"content":[{"content":"result body","tool_use_id":"rwt1","type":"tool_result"},{"text":"typed words","type":"text"}],"role":"user"},"type":"user","uuid":"e2e-turn-rwt1"}	false	false
Skill	{"message":{"content":[{"id":"sk1","input":{"skill":"my-skill"},"name":"Skill","type":"tool_use"}],"role":"assistant","stop_reason":null},"type":"assistant","uuid":"e2e-turn-sk1"}	false	false
Dispatch	{"message":{"content":[{"id":"d1","input":{"description":"delegated work","prompt":"do it","script":"/tmp/sub.sh","subagent_type":"general-purpose"},"name":"Agent","type":"tool_use"}],"role":"assistant","stop_reason":null},"type":"assistant","uuid":"e2e-turn-d1"}	false	false
DispatchIsolated	{"message":{"content":[{"id":"d2","input":{"description":"delegated work","isolation":"worktree","prompt":"do it","script":"/tmp/sub.sh","subagent_type":"general-purpose"},"name":"Agent","type":"tool_use"}],"role":"assistant","stop_reason":null},"type":"assistant","uuid":"e2e-turn-d2"}	false	false
DispatchNoParent	{"id":"dnp1#np","message":{"content":[{"id":"","input":{"description":"delegated work","prompt":"do it","script":"/tmp/sub.sh","subagent_type":"general-purpose"},"name":"Agent","type":"tool_use"}],"role":"assistant","stop_reason":null},"type":"assistant","uuid":"e2e-turn-dnp1"}	false	false
SayWrite	{"message":{"content":[{"text":"#tag here","type":"text"},{"id":"sw1","input":{"content":"body\n","file_path":"/p/f.md"},"name":"Write","type":"tool_use"}],"role":"assistant","stop_reason":null},"type":"assistant","uuid":"e2e-turn-sw1"}	false	false
SayBash	{"message":{"content":[{"text":"#tag here","type":"text"},{"id":"sb1","input":{"command":"echo hi"},"name":"Bash","type":"tool_use"}],"role":"assistant","stop_reason":null},"type":"assistant","uuid":"e2e-turn-sb1"}	false	false
BashBatch	{"message":{"content":[{"id":"bb1","input":{"command":"echo 1"},"name":"Bash","type":"tool_use"},{"id":"bb1-1","input":{"command":"echo 2"},"name":"Bash","type":"tool_use"},{"id":"bb1-2","input":{"command":"echo 3"},"name":"Bash","type":"tool_use"}],"role":"assistant","stop_reason":null},"type":"assistant","uuid":"e2e-turn-bb1"}	false	false
Compact	{"id":"c1","summary":"compacted","type":"compact"}	false	false
CompactNamingUnwrittenParent	{"id":"c2","logical_parent":"never-written-c2","summary":"compacted","type":"compact"}	false	false
Background	{"message":{"content":[{"id":"bg1","input":{"command":"sleep 1","run_in_background":true},"name":"Bash","type":"tool_use"}],"role":"assistant","stop_reason":null},"type":"assistant","uuid":"e2e-turn-bg1"}	false	false
BackgroundAgent	{"message":{"content":[{"id":"bg2","input":{"prompt":"p","run_in_background":true},"name":"Agent","type":"tool_use"}],"role":"assistant","stop_reason":null},"type":"assistant","uuid":"e2e-turn-bg2"}	false	false
ReadLaunchedOutput	{"message":{"content":[{"id":"rlo1","input":{"file_path":"@@LAUNCHED_OUTPUT@@"},"name":"Read","type":"tool_use"}],"role":"assistant","stop_reason":null},"type":"assistant","uuid":"e2e-turn-rlo1"}	true	false
Commit	{"message":{"content":[{"id":"cm1","input":{"command":"git 'add' '-A' \u0026\u0026 git 'commit' '-q' '--allow-empty' '-m' 'msg' '-m' 'Trailer: x'"},"name":"Bash","type":"tool_use"}],"role":"assistant","stop_reason":null},"type":"assistant","uuid":"e2e-turn-cm1"}	false	false
CommitPaths	{"message":{"content":[{"id":"cp1","input":{"command":"git 'add' '-A' '--' 'a.go' 'b.go' \u0026\u0026 git 'commit' '-q' '--allow-empty' '-m' 'msg'"},"name":"Bash","type":"tool_use"}],"role":"assistant","stop_reason":null},"type":"assistant","uuid":"e2e-turn-cp1"}	false	false
